[asean-university.com/index.html]
[backblue.gif]
[fade.gif]
[index.html]
[asean-university.com/wp-content/litespeed/css/662ac5be71a788ae22ce91fa0b74c226e001.css]
[asean-university.com/feed/index.html]
[asean-university.com/comments/feed/index.html]
[asean-university.com/wp-includes/js/jquery/jquery.minf43b.js]
[asean-university.com/wp-includes/js/jquery/jquery-migrate.min5589.js]
[asean-university.com/wp-json/index.html]
[asean-university.com/wp-json/wp/v2/pages/1451.json]
[asean-university.com/xmlrpc0db0.php]
[asean-university.com/wp-json/oembed/1.0/embed4a21.json]
[asean-university.com/wp-json/oembed/1.0/embede35e]
[asean-university.com/wp-content/uploads/2024/08/cropped-logo-asean-university-international-32x32.webp]
[asean-university.com/wp-content/uploads/2024/08/cropped-logo-asean-university-international-192x192.webp]
[asean-university.com/wp-content/uploads/2024/08/cropped-logo-asean-university-international-180x180.webp]
[asean-university.com/wp-content/uploads/2025/08/WhatsApp-Video-2025-08-10-at-16.42.34.mp4]
[asean-university.com/contact-us/index.html]
[asean-university.com/structure/index.html]
[asean-university.com/history/index.html]
[asean-university.com/pendaftaran-mahasiswa/index.html]
[asean-university.com/search-mahasiswa/index.html]
[asean-university.com/faculty/index.html]
[asean-university.com/wp-content/plugins/royal-elementor-addons/assets/js/frontend.min96d1.js]
[asean-university.com/gallery/index.html]
[asean-university.com/pendaftaran-beasiswa/index.html]
[asean-university.com/wp-content/plugins/litespeed-cache/guest.vary.html]
[asean-university.com/index.html]
[asean-university.com/profile/index.html]
[asean-university.com/pendaftaran-mahasiswa/index3dce.html]
[asean-university.com/wp-content/plugins/elementor/assets/lib/eicons/fonts/eiconsfcca.eot]
[asean-university.com/wp-content/plugins/elementor/assets/lib/eicons/fonts/eiconsfcca.woff2]
[asean-university.com/wp-content/plugins/elementor/assets/lib/eicons/fonts/eiconsfcca.woff]
[asean-university.com/pendaftaran-mahasiswa/index83f1.html]
[asean-university.com/wp-content/plugins/elementor/assets/lib/eicons/fonts/eiconsfcca.ttf]
[asean-university.com/wp-content/plugins/elementor/assets/lib/eicons/fonts/eiconsfcca.svg]
[asean-university.com/wp-content/uploads/2024/08/top-background-asean-university-international.webp]
[asean-university.com/pendaftaran-mahasiswa/index93e1.html]
[asean-university.com/wp-content/plugins/elementor/assets/lib/font-awesome/webfonts/fa-brands-400.eot]
[asean-university.com/wp-content/plugins/elementor/assets/lib/font-awesome/webfonts/fa-brands-400d41d.eot]
[asean-university.com/wp-content/plugins/elementor/assets/lib/font-awesome/webfonts/fa-brands-400.woff2]
[asean-university.com/wp-content/plugins/elementor/assets/lib/font-awesome/webfonts/fa-brands-400.woff]
[asean-university.com/wp-content/plugins/elementor/assets/lib/font-awesome/webfonts/fa-brands-400.ttf]
[asean-university.com/wp-content/plugins/elementor/assets/lib/font-awesome/webfonts/fa-brands-400.svg]
[asean-university.com/wp-content/plugins/elementor/assets/lib/font-awesome/webfonts/fa-regular-400.eot]
[asean-university.com/wp-content/plugins/elementor/assets/lib/font-awesome/webfonts/fa-regular-400d41d.eot]
[asean-university.com/wp-content/plugins/elementor/assets/lib/font-awesome/webfonts/fa-regular-400.woff2]
[asean-university.com/wp-content/plugins/elementor/assets/lib/font-awesome/webfonts/fa-regular-400.woff]
[asean-university.com/wp-content/plugins/elementor/assets/lib/font-awesome/webfonts/fa-regular-400.ttf]
[asean-university.com/wp-content/plugins/elementor/assets/lib/font-awesome/webfonts/fa-regular-400.svg]
[asean-university.com/wp-content/plugins/elementor/assets/lib/font-awesome/webfonts/fa-solid-900.eot]
[asean-university.com/wp-content/plugins/elementor/assets/lib/font-awesome/webfonts/fa-solid-900d41d.eot]
[asean-university.com/wp-content/plugins/elementor/assets/lib/font-awesome/webfonts/fa-solid-900.woff2]
[asean-university.com/wp-content/plugins/elementor/assets/lib/font-awesome/webfonts/fa-solid-900.woff]
[asean-university.com/wp-content/plugins/elementor/assets/lib/font-awesome/webfonts/fa-solid-900.ttf]
[asean-university.com/wp-content/plugins/elementor/assets/lib/font-awesome/webfonts/fa-solid-900.svg]
[asean-university.com/wp-content/uploads/elementor/google-fonts/fonts/nunitosans-pe0rmimslybiv1o4x1m8cce4odvismz5nzrqy6cmmmu3t2fqweaeovv9wnvrwlnstmkw3y6k5wmwd-raly50.woff2]
[asean-university.com/wp-content/litespeed/css/662ac5be71a788ae22ce91fa0b74c226e001.css]
[asean-university.com/wp-includes/js/jquery/jquery.minf43b.js]
[asean-university.com/wp-includes/js/jquery/jquery-migrate.min5589.js]
[asean-university.com/wp-content/litespeed/css/e6ff9fcde7ec969caad900f2f8b5eea5e001.css]
[asean-university.com/wp-json/wp/v2/pages/1954.json]
[asean-university.com/wp-json/oembed/1.0/embeda672.json]
[asean-university.com/wp-json/oembed/1.0/embedcb72]
[asean-university.com/structure/index.html]
[asean-university.com/wp-content/litespeed/css/e41c6a681ae9593c3a6438142334865de001.css]
[asean-university.com/wp-json/wp/v2/pages/1980.json]
[asean-university.com/wp-json/oembed/1.0/embed4262.json]
[asean-university.com/history/index.html]
[asean-university.com/wp-json/oembed/1.0/embed964f]
[asean-university.com/wp-content/litespeed/css/6db68c735d2f5ba0a4158f85c166453de001.css]
[asean-university.com/wp-json/wp/v2/pages/2213.json]
[asean-university.com/wp-json/oembed/1.0/embed610b.json]
[asean-university.com/contact-us/index.html]
[asean-university.com/wp-json/oembed/1.0/embedd284]
[asean-university.com/pendaftaran-mahasiswa/index.html]
[asean-university.com/wp-content/litespeed/css/07692c9eca99182660be9f90ff1218f3e001.css]
[asean-university.com/search-mahasiswa/index.html]
[asean-university.com/wp-content/litespeed/css/df68bcfaccc13baf81c7adbcdec8b6d5e001.css]
[asean-university.com/wp-content/litespeed/css/4629241f82491641956bd3ac6641e4d0e001.css]
[asean-university.com/wp-json/wp/v2/pages/1993.json]
[asean-university.com/wp-json/oembed/1.0/embedaefb.json]
[asean-university.com/faculty/index.html]
[asean-university.com/gallery/index.html]
[asean-university.com/pendaftaran-beasiswa/index.html]
[asean-university.com/profile/index.html]
[cdnjs.cloudflare.com/ajax/libs/jquery/3.6.0/jquery.min.js]
[cdnjs.cloudflare.com/ajax/libs/semantic-ui/2.4.1/semantic.min.js]
[cdnjs.cloudflare.com/ajax/libs/semantic-ui/2.4.1/semantic.min.css]
[asean-university.com/pendaftaran-mahasiswa/index3dce.html]
[asean-university.com/pendaftaran-mahasiswa/index83f1.html]
[asean-university.com/pendaftaran-mahasiswa/index93e1.html]
[connect.facebook.net/en_US/sdk.js]
[www.google.com/recaptcha/api3398.js]
[asean-university.com/wp-content/plugins/royal-elementor-addons/assets/js/frontend.min96d1.js]
[asean-university.com/wp-content/plugins/litespeed-cache/guest.vary.html]
[asean-university.com/wp-content/plugins/elementor/assets/lib/eicons/fonts/eiconsfcca.svg]
[asean-university.com/wp-content/plugins/elementor/assets/lib/font-awesome/webfonts/fa-brands-400.svg]
[asean-university.com/wp-content/plugins/elementor/assets/lib/font-awesome/webfonts/fa-regular-400.svg]
[asean-university.com/wp-content/plugins/elementor/assets/lib/font-awesome/webfonts/fa-solid-900.svg]
[asean-university.com/wp-content/litespeed/css/e6ff9fcde7ec969caad900f2f8b5eea5e001.css]
[asean-university.com/index80d7.html]
[asean-university.com/wp-content/litespeed/css/e41c6a681ae9593c3a6438142334865de001.css]
[asean-university.com/index76ee.html]
[asean-university.com/wp-content/litespeed/css/6db68c735d2f5ba0a4158f85c166453de001.css]
[asean-university.com/index97bf.html]
[asean-university.com/wp-content/litespeed/css/07692c9eca99182660be9f90ff1218f3e001.css]
[asean-university.com/wp-content/litespeed/css/df68bcfaccc13baf81c7adbcdec8b6d5e001.css]
[asean-university.com/wp-content/litespeed/css/4629241f82491641956bd3ac6641e4d0e001.css]
[asean-university.com/index5b92.html]
[asean-university.com/wp-json/oembed/1.0/embed261c.html]
[asean-university.com/wp-content/litespeed/css/aa5b4dac0952ba829e0a0d809bd4bf31e001.html]
[asean-university.com/wp-json/wp/v2/pages/1836.html]
[asean-university.com/index20ad.html]
[asean-university.com/wp-json/oembed/1.0/embed2489.html]
[asean-university.com/wp-json/oembed/1.0/embede4d7.html]
[asean-university.com/event_8_color-of-the-world-asean-university-international/index.html]
[asean-university.com/event_7_color-of-the-world-asean-university-international/index.html]
[asean-university.com/event_6_color-of-the-world-asean-university-international/index.html]
[asean-university.com/event_5_color-of-the-world-asean-university-international/index.html]
[asean-university.com/event_4_color-of-the-world-asean-university-international/index.html]
[asean-university.com/event_2_color-of-the-world-asean-university-international/index.html]
[asean-university.com/event_1_color-of-the-world-asean-university-international/index.html]
[asean-university.com/gallery/page/2/index.html]
[asean-university.com/wp-content/plugins/royal-elementor-addons/assets/js/lib/isotope/isotope.min6173.html]
[asean-university.com/wp-content/litespeed/css/f9c9ac1b4047bfab01d55bbca9421910e001.html]
[asean-university.com/wp-json/wp/v2/pages/1968.html]
[asean-university.com/index1923.html]
[asean-university.com/wp-json/oembed/1.0/embedaa89.html]
[asean-university.com/wp-json/oembed/1.0/embede58f.html]
[asean-university.com/wp-content/litespeed/css/4d134cbee2d419edad1272eaac1479c1e001.html]
[asean-university.com/wp-json/wp/v2/pages/2327.html]
[asean-university.com/indexf594.html]
[asean-university.com/wp-json/oembed/1.0/embeda8de.html]
[asean-university.com/wp-json/oembed/1.0/embedd8b5.html]
[asean-university.com/wp-content/uploads/2025/01/PRESENTASI-AUI_20241222_032021_0000.html]
[asean-university.com/wp-includes/js/dist/vendor/wp-polyfill-importmap.minef6d.html]
[asean-university.com/wp-includes/blocks/file/view.minb6a4.html]
[asean-university.com/wp-includes/js/dist/interactivity.minb6a4.html]
[asean-university.com/wp-includes/css/dist/block-library/style.minb6a4.html]
[asean-university.com/wp-content/plugins/asean-university/certificate/styleb6a4.html]
[asean-university.com/wp-content/themes/kadence/assets/css/global.min3a49.html]
[asean-university.com/wp-content/themes/kadence/assets/css/header.min3a49.html]
[asean-university.com/wp-content/themes/kadence/assets/css/content.min3a49.html]
[asean-university.com/wp-content/themes/kadence/assets/css/footer.min3a49.html]
[asean-university.com/wp-content/plugins/royal-elementor-addons/assets/css/lib/animations/text-animations.min96d1.html]
[asean-university.com/wp-content/plugins/royal-elementor-addons/assets/css/frontend.min96d1.html]
[asean-university.com/wp-content/plugins/elementor/assets/lib/font-awesome/css/all.min96d1.html]
[asean-university.com/wp-content/uploads/2024/08/logo-title-asean-university-international.html]
[cdnjs.cloudflare.com/ajax/libs/semantic-ui/2.4.1/themes/default/assets/images/flags.png]
[cdnjs.cloudflare.com/ajax/libs/semantic-ui/2.4.1/themes/default/assets/fonts/icons.eot]
[cdnjs.cloudflare.com/ajax/libs/semantic-ui/2.4.1/themes/default/assets/fonts/iconsd41d.eot]
[cdnjs.cloudflare.com/ajax/libs/semantic-ui/2.4.1/themes/default/assets/fonts/icons.woff2]
[cdnjs.cloudflare.com/ajax/libs/semantic-ui/2.4.1/themes/default/assets/fonts/icons.woff]
[cdnjs.cloudflare.com/ajax/libs/semantic-ui/2.4.1/themes/default/assets/fonts/icons.ttf]
[cdnjs.cloudflare.com/ajax/libs/semantic-ui/2.4.1/themes/default/assets/fonts/icons.svg]
[cdnjs.cloudflare.com/ajax/libs/semantic-ui/2.4.1/themes/default/assets/fonts/outline-icons.eot]
[cdnjs.cloudflare.com/ajax/libs/semantic-ui/2.4.1/themes/default/assets/fonts/outline-iconsd41d.eot]
[cdnjs.cloudflare.com/ajax/libs/semantic-ui/2.4.1/themes/default/assets/fonts/outline-icons.woff2]
[cdnjs.cloudflare.com/ajax/libs/semantic-ui/2.4.1/themes/default/assets/fonts/outline-icons.woff]
[cdnjs.cloudflare.com/ajax/libs/semantic-ui/2.4.1/themes/default/assets/fonts/outline-icons.ttf]
[cdnjs.cloudflare.com/ajax/libs/semantic-ui/2.4.1/themes/default/assets/fonts/outline-icons.svg]
[cdnjs.cloudflare.com/ajax/libs/semantic-ui/2.4.1/themes/default/assets/fonts/brand-icons.eot]
[cdnjs.cloudflare.com/ajax/libs/semantic-ui/2.4.1/themes/default/assets/fonts/brand-iconsd41d.eot]
[cdnjs.cloudflare.com/ajax/libs/semantic-ui/2.4.1/themes/default/assets/fonts/brand-icons.woff2]
[cdnjs.cloudflare.com/ajax/libs/semantic-ui/2.4.1/themes/default/assets/fonts/brand-icons.woff]
[cdnjs.cloudflare.com/ajax/libs/semantic-ui/2.4.1/themes/default/assets/fonts/brand-icons.ttf]
[cdnjs.cloudflare.com/ajax/libs/semantic-ui/2.4.1/semantic.min.css]
[asean-university.com/wp-admin/admin-ajaxab90.html]
[asean-university.com/wp-admin/admin-ajax6294.html]
[asean-university.com/wp-content/plugins/royal-elementor-addons/assets/js/lib/particles/particles7c45.html]
[asean-university.com/wp-content/plugins/royal-elementor-addons/assets/js/lib/jarallax/jarallax.minf184.html]
[asean-university.com/wp-content/plugins/royal-elementor-addons/assets/js/lib/parallax/parallax.min5152.html]
[asean-university.com/wp-content/themes/kadence/assets/js/navigation.min4281.html]
[asean-university.com/a.html]
[asean-university.com/r.html]
[asean-university.com/a-2.html]
[connect.facebook.net/en_US/sdk.js]
[asean-university.com/wp-content/uploads/2024/08/banner-asean-university-international-1.html]
[cdnjs.cloudflare.com/ajax/libs/semantic-ui/2.4.1/themes/default/assets/fonts/brand-icons.svg]
[cdnjs.cloudflare.com/ajax/libs/semantic-ui/2.4.1/themes/default/assets/fonts/icons.svg]
[cdnjs.cloudflare.com/ajax/libs/semantic-ui/2.4.1/themes/default/assets/fonts/outline-icons.svg]
[cdnjs.cloudflare.com/ajax/libs/semantic-ui/2.4.1/themes/default/assets/fonts/brand-icons.svg]
